Microchip MPLAB XC8 Compiler V3.00

Linker command line:

-W-3 \
  --edf=C:\Program Files\Microchip\xc8\v3.00\pic\dat\20241204225717_en.msgs \
  -cn -h+dist/default/production\PIC18F45Q10_Driver.X.production.sym \
  --cmf=dist/default/production\PIC18F45Q10_Driver.X.production.cmf -z \
  -Q18F45Q10 -oC:\Users\erraj\AppData\Local\Temp\xcAs2r4.\driver_tmp_3.o \
  --defsym=__MPLAB_BUILD=1 --fixupoverflow=error \
  -Mdist/default/production/PIC18F45Q10_Driver.X.production.map \
  --md=C:\Users\erraj\AppData\Local\Temp\xcAs2r4.\driver_tmp_0.dat -E1 \
  -ver=XC8 Compiler -ACODE=00h-07FFFh -ACONST=00h-07FFFh \
  -ASMALLCONST=0900h-09FFhx119 -AMEDIUMCONST=0900h-07FFFh -ACOMRAM=01h-05Fh \
  -AABS1=00h-07FFh -ABIGRAM=01h-07FFh -ARAM=060h-0FFh,0100h-01FFhx7 \
  -ABANK0=060h-0FFh -ABANK1=0100h-01FFh -ABANK2=0200h-02FFh \
  -ABANK3=0300h-03FFh -ABANK4=0400h-04FFh -ABANK5=0500h-05FFh \
  -ABANK6=0600h-06FFh -ABANK7=0700h-07FFh \
  -ASFR=0800h-08FFh,0E1Fh-0EFFh,0F00h-0F5Fh,0F60h-0FFFh \
  -ABIGSFR=0800h-08FFh,0E1Fh-0FFFh -ACONFIG=0300000h-030000Bh \
  -AIDLOC=0200000h-02000FFh -AEEDATA=0310000h-03100FFh -peeprom_data=EEDATA \
  -preset_vec=00h,intcode=8h,intcodelo=18h,sivt_lo,sivt_hi=CODE \
  -ppowerup=CODE,init -pramtop=0900h -psmallconst=SMALLCONST \
  -pmediumconst=MEDIUMCONST -pconst=CONST -AFARRAM=00h-00h \
  -prdata=COMRAM,nvrram=COMRAM,nvbit=COMRAM,rbss=COMRAM,rbit=COMRAM \
  -pfarbss=FARRAM,fardata=FARRAM,nvFARRAM=FARRAM \
  -pintsave_regs=BIGRAM,bigbss=BIGRAM,bigdata=BIGRAM -pbss=RAM \
  -pidata=CODE,irdata=CODE,ibigdata=CODE,ifardata=CODE -prparam=COMRAM \
  C:\Users\erraj\AppData\Local\Temp\xcAs2r4.\driver_tmp_9.o \
  dist/default/production\PIC18F45Q10_Driver.X.production.o 

Object code version is 3.11

Machine type is 18F45Q10



                Name                               Link     Load   Length Selector   Space Scale
C:\Users\erraj\AppData\Local\Temp\xcAs2r4.\driver_tmp_9.o
                config                           300000   300000        8        0       4
                init                               7FFC     7FFC        4     3FFE       0
                reset_vec                             0        0        4        0       0
dist/default/production\PIC18F45Q10_Driver.X.production.o
                config                           300000   300000        8        0       4
                smallconst                          900      900        2      480       0
                text7                               E9C      E9C        E      481       0
                text6                               902      902      1A6      481       0
                text5                               E48      E48       54      481       0
                text4                               C18      C18      168      481       0
                text3                               AA8      AA8      170      481       0
                text2                               DEA      DEA       5E      481       0
                text1                               D80      D80       6A      481       0
                text0                               EB4      EB4        8      481       0
                cstackCOMRAM                          1        1       10        1       1
                cinit                               EAA      EAA        A      481       0

TOTAL           Name                               Link     Load   Length     Space
        CLASS   CODE           
                init                               7FFC     7FFC        4         0
                reset_vec                             0        0        4         0
                text7                               E9C      E9C        E         0
                text6                               902      902      1A6         0
                text5                               E48      E48       54         0
                text4                               C18      C18      168         0
                text3                               AA8      AA8      170         0
                text2                               DEA      DEA       5E         0
                text1                               D80      D80       6A         0
                text0                               EB4      EB4        8         0
                cinit                               EAA      EAA        A         0

        CLASS   CONST          

        CLASS   SMALLCONST     
                smallconst                          900      900        2         0

        CLASS   MEDIUMCONST    

        CLASS   COMRAM         
                cstackCOMRAM                          1        1       10         1

        CLASS   ABS1           

        CLASS   BIGRAM         

        CLASS   RAM            

        CLASS   BANK0          

        CLASS   BANK1          

        CLASS   BANK2          

        CLASS   BANK3          

        CLASS   BANK4          

        CLASS   BANK5          

        CLASS   BANK6          

        CLASS   BANK7          

        CLASS   SFR            

        CLASS   BIGSFR         

        CLASS   CONFIG         
                config                           300000   300000        8         4

        CLASS   IDLOC          

        CLASS   EEDATA         

        CLASS   FARRAM         

        CLASS   HEAP           

        CLASS   STACK          



SEGMENTS        Name                           Load    Length   Top    Selector   Space  Class

                reset_vec                      000000  000004  000004         0       0  CODE    
                cstackCOMRAM                   000001  000010  000011         1       1  COMRAM  
                smallconst                     000900  000002  000902       480       0  SMALLCON
                text6                          000902  0005BA  000EBC       481       0  CODE    
                init                           007FFC  000004  008000      3FFE       0  CODE    


UNUSED ADDRESS RANGES

        Name                Unused          Largest block    Delta
        BANK0            000060-0000FF               A0
        BANK1            000100-0001FF              100
        BANK2            000200-0002FF              100
        BANK3            000300-0003FF              100
        BANK4            000400-0004FF              100
        BANK5            000500-0005FF              100
        BANK6            000600-0006FF              100
        BANK7            000700-0007FF              100
        BIGRAM           000011-0007FF              7EF
        BIGSFR           000800-0008FF              100
                         000E1F-000FFF              1E1
        CODE             000004-0008FF              8FC
                         000EBC-007FFB             7140
        COMRAM           000011-00005F               4F
        CONFIG           300008-30000B                4
        CONST            000004-0008FF              8FC
                         000EBC-007FFB             7140
        EEDATA           310000-3100FF              100
        IDLOC            200000-2000FF              100
        MEDIUMCONST      000EBC-007FFB             7140
        RAM              000060-0007FF              100
        SFR              000800-0008FF              100
                         000E1F-000FFF               E1
        SMALLCONST       000EBC-007FFB              100

                                  Symbol Table

GPIO_Read@pin                       cstackCOMRAM 000001
GPIO_Read@port                      cstackCOMRAM 000004
GPIO_ReadDebounced@debounce_counter cstackCOMRAM 00000C
GPIO_ReadDebounced@i                cstackCOMRAM 00000D
GPIO_ReadDebounced@pin              cstackCOMRAM 00000B
GPIO_ReadDebounced@port             cstackCOMRAM 00000E
GPIO_ReadDebounced@stable_value     cstackCOMRAM 000010
GPIO_ReadDebounced@temp_value       cstackCOMRAM 00000F
GPIO_SetDirection@direction         cstackCOMRAM 000002
GPIO_SetDirection@pin               cstackCOMRAM 000001
GPIO_SetDirection@port              cstackCOMRAM 000006
GPIO_Write@pin                      cstackCOMRAM 000001
GPIO_Write@port                     cstackCOMRAM 000006
GPIO_Write@value                    cstackCOMRAM 000002
_Example_Run                        text1        000D80
_GPIO_Init                          text7        000E9C
_GPIO_Read                          text6        000902
_GPIO_Read$119                      cstackCOMRAM 000005
_GPIO_Read$120                      cstackCOMRAM 000007
_GPIO_Read$121                      cstackCOMRAM 000009
_GPIO_ReadDebounced                 text5        000E48
_GPIO_SetDirection                  text4        000C18
_GPIO_SetDirection$106              cstackCOMRAM 000007
_GPIO_SetDirection$107              cstackCOMRAM 000009
_GPIO_SetDirection$108              cstackCOMRAM 00000B
_GPIO_Write                         text3        000AA8
_GPIO_Write$113                     cstackCOMRAM 000007
_GPIO_Write$114                     cstackCOMRAM 000009
_GPIO_Write$115                     cstackCOMRAM 00000B
__HRAM                              (abs)        000000
__H__absolute__                     __absolute__ 000000
__Habs1                             abs1         000000
__Hbank0                            bank0        000000
__Hbank1                            bank1        000000
__Hbank2                            bank2        000000
__Hbank3                            bank3        000000
__Hbank4                            bank4        000000
__Hbank5                            bank5        000000
__Hbank6                            bank6        000000
__Hbank7                            bank7        000000
__Hbigbss                           bigbss       000000
__Hbigdata                          bigdata      000000
__Hbigram                           bigram       000000
__Hbigsfr                           bigsfr       000000
__Hbss                              bss          000000
__Hcinit                            cinit        000000
__Hclrtext                          clrtext      000000
__Hcomram                           comram       000000
__Hconfig                           config       300008
__Hconst                            const        000000
__HcstackCOMRAM                     cstackCOMRAM 000000
__Hdata                             data         000000
__Heeprom_data                      eeprom_data  000000
__Hfarbss                           farbss       000000
__Hfardata                          fardata      000000
__Hheap                             heap         000000
__Hibigdata                         ibigdata     000000
__Hidata                            idata        000000
__Hidloc                            idloc        000000
__Hifardata                         ifardata     000000
__Hinit                             init         008000
__Hintcode                          intcode      000008
__Hintcode_body                     intcode_body 000000
__Hintcodelo                        intcodelo    000018
__Hintentry                         intentry     000000
__Hintret                           intret       000000
__Hintsave_regs                     intsave_regs 000000
__Hirdata                           irdata       000000
__Hmediumconst                      mediumconst  000000
__HnvFARRAM                         nvFARRAM     000000
__Hnvbit                            nvbit        000000
__Hnvrram                           nvrram       000000
__Hparam                            rparam       000000
__Hpowerup                          powerup      000000
__Hram                              ram          000000
__Hramtop                           ramtop       000900
__Hrbit                             rbit         000000
__Hrbss                             rbss         000000
__Hrdata                            rdata        000000
__Hreset_vec                        reset_vec    000004
__Hrparam                           rparam       000000
__Hsfr                              sfr          000000
__Hsivt_hi                          sivt_hi      000000
__Hsivt_lo                          sivt_lo      000018
__Hsmallconst                       smallconst   000902
__Hspace_0                          (abs)        008000
__Hspace_1                          (abs)        000011
__Hspace_2                          (abs)        000000
__Hspace_4                          (abs)        600008
__Hstack                            stack        000000
__Hstruct                           struct       000000
__Htemp                             temp         000000
__Htext                             text         000000
__Htext0                            text0        000000
__Htext1                            text1        000000
__Htext2                            text2        000000
__Htext3                            text3        000000
__Htext4                            text4        000000
__Htext5                            text5        000000
__Htext6                            text6        000000
__Htext7                            text7        000000
__LRAM                              (abs)        000001
__L__absolute__                     __absolute__ 000000
__Labs1                             abs1         000000
__Lbank0                            bank0        000000
__Lbank1                            bank1        000000
__Lbank2                            bank2        000000
__Lbank3                            bank3        000000
__Lbank4                            bank4        000000
__Lbank5                            bank5        000000
__Lbank6                            bank6        000000
__Lbank7                            bank7        000000
__Lbigbss                           bigbss       000000
__Lbigdata                          bigdata      000000
__Lbigram                           bigram       000000
__Lbigsfr                           bigsfr       000000
__Lbss                              bss          000000
__Lcinit                            cinit        000000
__Lclrtext                          clrtext      000000
__Lcomram                           comram       000000
__Lconfig                           config       000000
__Lconst                            const        000000
__LcstackCOMRAM                     cstackCOMRAM 000000
__Ldata                             data         000000
__Leeprom_data                      eeprom_data  000000
__Lfarbss                           farbss       000000
__Lfardata                          fardata      000000
__Lheap                             heap         000000
__Libigdata                         ibigdata     000000
__Lidata                            idata        000000
__Lidloc                            idloc        000000
__Lifardata                         ifardata     000000
__Linit                             init         007FFC
__Lintcode                          intcode      000008
__Lintcode_body                     intcode_body 000000
__Lintcodelo                        intcodelo    000018
__Lintentry                         intentry     000000
__Lintret                           intret       000000
__Lintsave_regs                     intsave_regs 000000
__Lirdata                           irdata       000000
__Lmediumconst                      mediumconst  000000
__LnvFARRAM                         nvFARRAM     000000
__Lnvbit                            nvbit        000000
__Lnvrram                           nvrram       000000
__Lparam                            rparam       000000
__Lpowerup                          powerup      000000
__Lram                              ram          000000
__Lramtop                           ramtop       000900
__Lrbit                             rbit         000000
__Lrbss                             rbss         000000
__Lrdata                            rdata        000000
__Lreset_vec                        reset_vec    000000
__Lrparam                           rparam       000000
__Lsfr                              sfr          000000
__Lsivt_hi                          sivt_hi      000000
__Lsivt_lo                          sivt_lo      000018
__Lsmallconst                       smallconst   000900
__Lspace_0                          (abs)        000000
__Lspace_1                          (abs)        000000
__Lspace_2                          (abs)        000000
__Lspace_4                          (abs)        000000
__Lstack                            stack        000000
__Lstruct                           struct       000000
__Ltemp                             temp         000000
__Ltext                             text         000000
__Ltext0                            text0        000000
__Ltext1                            text1        000000
__Ltext2                            text2        000000
__Ltext3                            text3        000000
__Ltext4                            text4        000000
__Ltext5                            text5        000000
__Ltext6                            text6        000000
__Ltext7                            text7        000000
__S0                                (abs)        008000
__S1                                (abs)        000011
__S4                                (abs)        000000
__S5                                (abs)        000000
___heap_hi                          (abs)        000000
___heap_lo                          (abs)        000000
___inthi_sp                         stack        000000
___inthi_stack_hi                   stack        000000
___inthi_stack_lo                   stack        000000
___intlo_sp                         stack        000000
___intlo_stack_hi                   stack        000000
___intlo_stack_lo                   stack        000000
___param_bank                       (abs)        000000
___rparam_used                      (abs)        000001
___sp                               stack        000000
___stack_hi                         stack        000000
___stack_lo                         stack        000000
__accesstop                         (abs)        000060
__activetblptr                      (abs)        000002
__end_of_Example_Run                text1        000DEA
__end_of_GPIO_Init                  text7        000EAA
__end_of_GPIO_Read                  text6        000AA8
__end_of_GPIO_ReadDebounced         text5        000E9C
__end_of_GPIO_SetDirection          text4        000D80
__end_of_GPIO_Write                 text3        000C18
__end_of__initialization            cinit        000EAA
__end_of_delay_ms                   text2        000E48
__end_of_main                       text0        000EBC
__initialization                    cinit        000EAA
__mediumconst                       smallconst   000900
__pcinit                            cinit        000EAA
__pcstackCOMRAM                     cstackCOMRAM 000001
__psmallconst                       smallconst   000900
__ptext0                            text0        000EB4
__ptext1                            text1        000D80
__ptext2                            text2        000DEA
__ptext3                            text3        000AA8
__ptext4                            text4        000C18
__ptext5                            text5        000E48
__ptext6                            text6        000902
__ptext7                            text7        000E9C
__ramtop                            ramtop       000900
__smallconst                        smallconst   000900
_delay_ms                           text2        000DEA
_main                               text0        000EB4
delay_ms@j                          cstackCOMRAM 000003
delay_ms@ms                         cstackCOMRAM 000001
end_of_initialization               cinit        000EAA
intlevel0                           text         000000
intlevel1                           text         000000
intlevel2                           text         000000
intlevel3                           text         000000
isa$std                             (abs)        000001
isa$xinst                           (abs)        000000
stackhi                             (abs)        000000
stacklo                             (abs)        000000
start                               init         007FFC
start_initialization                cinit        000EAA


MODULE INFORMATION

Module		Function		Class		Link	Load	Size
src/gpio.c
		_GPIO_Write    		CODE           	0AA8	0000	368
		_GPIO_SetDirection		CODE           	0C18	0000	360
		_GPIO_Read     		CODE           	0902	0000	422
		_GPIO_Init     		CODE           	0E9C	0000	14
		_GPIO_ReadDebounced		CODE           	0E48	0000	84

src/gpio.c estimated size: 1248

src/main.c
		_main          		CODE           	0EB4	0000	8

src/main.c estimated size: 8

shared
		__initialization		CODE           	0EAA	0000	1

shared estimated size: 1

src/../examples/example_push_button.c
		_delay_ms      		CODE           	0DEA	0000	94
		_Example_Run   		CODE           	0D80	0000	106

src/../examples/example_push_button.c estimated size: 200

